// Jest Snapshot v1, https://goo.gl/fbAQLP

exports[`types of AnswerSortQuiz POP_FROM_SELECTED_OPTIONS should be a action type of popFromSelectedOptions 1`] = `"POP_FROM_SELECTED_OPTIONS"`;

exports[`types of AnswerSortQuiz PUSH_T0_SELECTED_OPTIONS should be a action type of pushToSelectedOptions 1`] = `"PUSH_T0_SELECTED_OPTIONS"`;

exports[`types of AnswerSortQuiz RESET should be a action type of reset 1`] = `"RESET"`;
